// Jest Snapshot v1, https://goo.gl/fbAQLP

exports[`renders correctly 1`] = `
<div
  className="thumbnail-active"
  data-testid="thumbnail-img-undefined"
  onClick={[Function]}
>
  <img
    alt="thumbnail image"
    className="thumbnail-img"
    src="test-file-stub"
  />
</div>
`;
