// Jest Snapshot v1, https://goo.gl/fbAQLP

exports[`renders correctly 1`] = `
<div
  className="default"
  onClick={[Function]}
>
  <img
    alt="main product image "
    className="default-img"
    loading="lazy"
    src="test-file-stub"
  />
</div>
`;
